   Compiling sim v0.1.0 (/private/tmp/fly-refinement-fix/crates/sim)
    Finished `release` profile [optimized] target(s) in 6.44s
     Running `/tmp/fly-dm1-transmission/target/release/examples/refinement_repro`
tick 20
tick 40
SAFE_PREFIX tick 54 queries 79 knots 12
SAFE_PREFIX tick 55 queries 55 knots 2
SAFE_PREFIX tick 56 queries 56 knots 2
SAFE_PREFIX tick 57 queries 55 knots 2
SAFE_PREFIX tick 58 queries 55 knots 2
SAFE_PREFIX tick 59 queries 55 knots 2
SAFE_PREFIX tick 60 queries 56 knots 2
tick 60
SAFE_PREFIX tick 61 queries 55 knots 2
SAFE_PREFIX tick 62 queries 55 knots 2
SAFE_PREFIX tick 63 queries 55 knots 2
tick 80
SAFE_PREFIX tick 93 queries 60 knots 2
SAFE_PREFIX tick 94 queries 55 knots 2
SAFE_PREFIX tick 95 queries 55 knots 2
SAFE_PREFIX tick 96 queries 56 knots 2
SAFE_PREFIX tick 97 queries 56 knots 2
SAFE_PREFIX tick 98 queries 55 knots 2
SAFE_PREFIX tick 99 queries 56 knots 2
SAFE_PREFIX tick 100 queries 56 knots 2
tick 100
SAFE_PREFIX tick 101 queries 56 knots 2
SAFE_PREFIX tick 102 queries 56 knots 2
SAFE_PREFIX tick 108 queries 61 knots 2
SAFE_PREFIX tick 109 queries 56 knots 2
SAFE_PREFIX tick 110 queries 56 knots 2
SAFE_PREFIX tick 111 queries 55 knots 2
SAFE_PREFIX tick 112 queries 55 knots 2
SAFE_PREFIX tick 113 queries 56 knots 2
SAFE_PREFIX tick 114 queries 55 knots 2
SAFE_PREFIX tick 115 queries 55 knots 2
SAFE_PREFIX tick 116 queries 55 knots 2
SAFE_PREFIX tick 117 queries 55 knots 2
tick 120
SAFE_PREFIX tick 134 queries 61 knots 2
SAFE_PREFIX tick 135 queries 56 knots 2
SAFE_PREFIX tick 136 queries 56 knots 2
SAFE_PREFIX tick 137 queries 56 knots 2
SAFE_PREFIX tick 138 queries 56 knots 2
SAFE_PREFIX tick 139 queries 56 knots 2
SAFE_PREFIX tick 140 queries 55 knots 2
tick 140
SAFE_PREFIX tick 141 queries 55 knots 2
SAFE_PREFIX tick 142 queries 56 knots 2
SAFE_PREFIX tick 143 queries 56 knots 2
SAFE_PREFIX tick 148 queries 60 knots 2
SAFE_PREFIX tick 149 queries 56 knots 2
SAFE_PREFIX tick 150 queries 56 knots 2
SAFE_PREFIX tick 151 queries 56 knots 2
SAFE_PREFIX tick 152 queries 56 knots 2
SAFE_PREFIX tick 153 queries 56 knots 2
SAFE_PREFIX tick 154 queries 56 knots 2
SAFE_PREFIX tick 155 queries 56 knots 2
SAFE_PREFIX tick 156 queries 55 knots 2
SAFE_PREFIX tick 157 queries 56 knots 2
tick 160
SAFE_PREFIX tick 174 queries 61 knots 2
SAFE_PREFIX tick 175 queries 56 knots 2
SAFE_PREFIX tick 176 queries 55 knots 2
SAFE_PREFIX tick 177 queries 55 knots 2
SAFE_PREFIX tick 178 queries 55 knots 2
SAFE_PREFIX tick 179 queries 55 knots 2
SAFE_PREFIX tick 180 queries 56 knots 2
tick 180
SAFE_PREFIX tick 181 queries 55 knots 2
SAFE_PREFIX tick 182 queries 55 knots 2
SAFE_PREFIX tick 183 queries 55 knots 2
SAFE_PREFIX tick 190 queries 60 knots 2
SAFE_PREFIX tick 191 queries 56 knots 2
SAFE_PREFIX tick 192 queries 55 knots 2
SAFE_PREFIX tick 193 queries 56 knots 2
SAFE_PREFIX tick 194 queries 55 knots 2
SAFE_PREFIX tick 195 queries 56 knots 2
SAFE_PREFIX tick 196 queries 55 knots 2
SAFE_PREFIX tick 197 queries 56 knots 2
SAFE_PREFIX tick 198 queries 55 knots 2
SAFE_PREFIX tick 199 queries 55 knots 2
tick 200
SAFE_PREFIX tick 211 queries 60 knots 2
SAFE_PREFIX tick 212 queries 55 knots 2
SAFE_PREFIX tick 213 queries 55 knots 2
SAFE_PREFIX tick 214 queries 56 knots 2
SAFE_PREFIX tick 215 queries 55 knots 2
SAFE_PREFIX tick 216 queries 55 knots 2
SAFE_PREFIX tick 217 queries 56 knots 2
SAFE_PREFIX tick 218 queries 55 knots 2
SAFE_PREFIX tick 219 queries 55 knots 2
SAFE_PREFIX tick 220 queries 56 knots 2
tick 220
SAFE_PREFIX tick 228 queries 61 knots 2
SAFE_PREFIX tick 229 queries 55 knots 2
SAFE_PREFIX tick 230 queries 56 knots 2
SAFE_PREFIX tick 231 queries 55 knots 2
SAFE_PREFIX tick 232 queries 56 knots 2
SAFE_PREFIX tick 233 queries 56 knots 2
SAFE_PREFIX tick 234 queries 55 knots 2
SAFE_PREFIX tick 235 queries 56 knots 2
SAFE_PREFIX tick 236 queries 55 knots 2
SAFE_PREFIX tick 237 queries 56 knots 2
tick 240
SAFE_PREFIX tick 254 queries 61 knots 2
SAFE_PREFIX tick 255 queries 55 knots 2
SAFE_PREFIX tick 256 queries 56 knots 2
SAFE_PREFIX tick 257 queries 55 knots 2
SAFE_PREFIX tick 258 queries 55 knots 2
SAFE_PREFIX tick 259 queries 55 knots 2
SAFE_PREFIX tick 260 queries 55 knots 2
tick 260
SAFE_PREFIX tick 261 queries 55 knots 2
SAFE_PREFIX tick 262 queries 55 knots 2
SAFE_PREFIX tick 263 queries 55 knots 2
tick 280
SAFE_PREFIX tick 293 queries 60 knots 2
SAFE_PREFIX tick 294 queries 56 knots 2
SAFE_PREFIX tick 295 queries 56 knots 2
SAFE_PREFIX tick 296 queries 56 knots 2
SAFE_PREFIX tick 297 queries 56 knots 2
SAFE_PREFIX tick 298 queries 56 knots 2
tick 300
{"attemptId":"085e7a68-b4f5-461a-8f93-96bd859bc1ca","completedTick":304,"outcomes":{"escaped":0,"starved":20,"zapped":0,"caught":0,"timedOut":0,"score":0},"stars":0}
