$ bun test packages/sim-client/src
bun test v1.3.14 (0d9b296a)

packages/sim-client/src/record.test.ts:
(pass) Rust packed records decode exactly across flies, chunks, events and terminal absence [2.61ms]
(pass) metadata field order determines the consumer offsets [0.23ms]
(pass) stale attempts are ignored and invalid current chunks fail without changing history [0.38ms]
(pass) archive limits count retained backing allocations, and reject unsupported metadata [0.19ms]
(pass) accepting a chunk takes ownership and snapshots metadata and results [0.25ms]
(pass) missing or malformed results cannot finish the archive [0.52ms]
(pass) motion phase freezes at terminal and reverse seek restores the prior phase [0.27ms]
(pass) motion follows packed mode transitions across chunk boundaries and resets on clear [0.23ms]
(pass) bounded neural traces match recorded frames across seek and terminal gaps [0.38ms]
(pass) pose-only windows preserve recorded positions and terminal states across chunks and seeks [0.53ms]
(pass) tick zero and rewind preserve immutable core initial poses and mixed modes [0.24ms]
(pass) support identity and quaternion corruption fail before archive mutation [0.19ms]

packages/sim-client/src/attempt-client.test.ts:
(pass) reusing an attempt ID cannot deliver a queued failure to the new run [0.34ms]

packages/sim-client/src/playback.test.ts:
(pass) initial lead covers sustained underproduction rather than a short buffer [0.15ms]
(pass) pause, hidden time, speed changes and seeking preserve one cursor without catch-up [0.11ms]
(pass) depleted buffers freeze and rebuild a substantial lead before resuming [0.06ms]
(pass) a worse production estimate and 2× consumption require renewed buffering [0.03ms]
(pass) completed records can replay at zero production rate and stop at early terminal time [0.03ms]

 18 pass
 0 fail
 151 expect() calls
Ran 18 tests across 3 files. [642.00ms]
