    Checking typenum v1.20.1
    Checking byteorder v1.5.0
    Checking bytemuck v1.25.2
    Checking foldhash v0.2.0
    Checking stable_deref_trait v1.2.1
    Checking libm v0.2.16
    Checking serde_core v1.0.229
    Checking libc v0.2.189
    Checking log v0.4.34
    Checking smallvec v1.16.0
    Checking equivalent v1.0.2
    Checking zmij v1.0.23
    Checking itoa v1.0.18
    Checking bitflags v2.13.1
    Checking either v1.18.0
    Checking thiserror v2.0.20
   Compiling sim v0.1.0 (/Users/david/dev/fly-escape/crates/sim)
    Checking memchr v2.8.3
    Checking slab v0.4.12
    Checking arrayvec v0.7.8
    Checking downcast-rs v2.0.2
    Checking hashbrown v0.17.1
    Checking wide v1.7.0
    Checking hash32 v0.3.1
    Checking ena v0.14.4
    Checking cfg-if v1.0.4
    Checking ts-rs v11.1.0
    Checking heapless v0.8.0
    Checking cpufeatures v0.2.17
    Checking generic-array v0.14.7
    Checking num-traits v0.2.19
    Checking block-buffer v0.10.4
    Checking crypto-common v0.1.7
    Checking digest v0.10.7
    Checking sha2 v0.10.9
    Checking approx v0.5.1
    Checking num-complex v0.4.6
    Checking rstar v0.13.0
    Checking ordered-float v5.5.0
    Checking glam v0.33.6
    Checking indexmap v2.14.2
    Checking serde v1.0.229
    Checking serde_json v1.0.151
    Checking simba v0.10.2
    Checking glamx v0.3.0
    Checking parry3d-f64 v0.30.2
    Finished `release` profile [optimized] target(s) in 7.26s
