   Compiling version_check v0.9.5
   Compiling proc-macro2 v1.0.107
   Compiling quote v1.0.47
   Compiling unicode-ident v1.0.24
   Compiling libm v0.2.16
   Compiling autocfg v1.5.1
   Compiling libc v0.2.189
   Compiling typenum v1.20.1
   Compiling serde_core v1.0.229
   Compiling heapless v0.8.0
   Compiling bytemuck v1.25.2
   Compiling byteorder v1.5.0
   Compiling thiserror v2.0.20
   Compiling foldhash v0.2.0
   Compiling stable_deref_trait v1.2.1
   Compiling cfg-if v1.0.4
   Compiling zmij v1.0.23
   Compiling smallvec v1.16.0
   Compiling serde_json v1.0.151
   Compiling hashbrown v0.17.1
   Compiling hash32 v0.3.1
   Compiling wide v1.7.0
   Compiling equivalent v1.0.2
   Compiling generic-array v0.14.7
   Compiling termcolor v1.4.1
   Compiling log v0.4.34
   Compiling serde v1.0.229
   Compiling num-traits v0.2.19
   Compiling ena v0.14.4
   Compiling arrayvec v0.7.8
   Compiling either v1.18.0
   Compiling itoa v1.0.18
   Compiling memchr v2.8.3
   Compiling downcast-rs v2.0.2
   Compiling slab v0.4.12
   Compiling bitflags v2.13.1
   Compiling indexmap v2.14.2
   Compiling syn v3.0.5
   Compiling syn v2.0.119
   Compiling cpufeatures v0.2.17
   Compiling thiserror-impl v2.0.20
   Compiling serde_derive v1.0.229
   Compiling crypto-common v0.1.7
   Compiling block-buffer v0.10.4
   Compiling digest v0.10.7
   Compiling sha2 v0.10.9
   Compiling sim v0.1.0 (/private/tmp/fly-refinement-fix/crates/sim)
   Compiling num-derive v0.4.2
   Compiling ts-rs-macros v11.1.0
   Compiling approx v0.5.1
   Compiling num-complex v0.4.6
   Compiling rstar v0.13.0
   Compiling ordered-float v5.5.0
   Compiling glam v0.33.6
   Compiling simba v0.10.2
   Compiling ts-rs v11.1.0
   Compiling glamx v0.3.0
   Compiling parry3d-f64 v0.30.2
    Finished `release` profile [optimized] target(s) in 13.43s
     Running unittests src/lib.rs (/tmp/fly-dm1-transmission/target/release/deps/sim-4e90414f9d34687b)

running 1 test
REFINEMENT {"a":{"fraction":0.2766369426914391,"grounded":true,"height":0.14963041009006806,"pose":{"heading":5.2882575183614176,"position":{"x":2.7139996064936884,"z":6.687479288627227}},"rotation":[-2.3264978753438864e-12,0.9588325309420517,7.976291627623543e-12,0.2839721423084659],"support":27},"b":{"fraction":0.2766374074714821,"grounded":true,"height":0.1496468313983538,"pose":{"heading":5.2882573905801715,"position":{"x":2.7139996139850786,"z":6.687479275334006}},"rotation":[-2.3291446306031484e-12,0.9588325490852068,7.985365907053831e-12,0.28397208104805755],"support":27},"depthA":{"Ok":0.0},"depthB":{"Ok":0.0},"depthMiddle":{"Ok":0.0},"middle":{"fraction":0.2766371750814606,"grounded":true,"height":0.14964198450098473,"pose":{"heading":5.288257454470794,"position":{"x":2.7139996102393837,"z":6.687479281980616}},"rotation":[-2.3278212529735204e-12,0.9588325400136297,7.980828767338691e-12,0.28397211167826164],"support":27},"out":[{"fraction":0.0,"grounded":false,"height":0.14999999999999958,"pose":{"heading":5.304068424713702,"position":{"x":2.709540733051919,"z":6.6953914094828}},"rotation":[0.0,0.9565576643169392,0.0,0.2915431954900029],"support":null},{"fraction":0.19999999999999998,"grounded":false,"height":0.13499999999999956,"pose":{"heading":5.288369838077343,"position":{"x":2.712764361391929,"z":6.689671189487166}},"rotation":[0.0,0.9588165815948374,0.0,0.28402598975937127],"support":null},{"fraction":0.2762284010336625,"grounded":true,"height":0.12928286992247487,"pose":{"heading":5.288369838077343,"position":{"x":2.7139930215613575,"z":6.687490973368026}},"rotation":[0.0,0.9588165815948374,0.0,0.28402598975937127],"support":27},{"fraction":0.27646636841566663,"grounded":true,"height":0.1411349108739771,"pose":{"heading":5.288304414078989,"position":{"x":2.7139968571533406,"z":6.687484167239141}},"rotation":[-1.3551386946413768e-12,0.9588258721397762,4.646031074814125e-12,0.2839946248001842],"support":27},{"fraction":0.2765853521066687,"grounded":true,"height":0.147060927303127,"pose":{"heading":5.288271702079812,"position":{"x":2.7139987749493324,"z":6.687480764174699}},"rotation":[-2.032708041508909e-12,0.9588305170274906,6.9690466106675604e-12,0.28397894220662795],"support":27},{"fraction":0.2766150980294192,"grounded":true,"height":0.14854243086547347,"pose":{"heading":5.288263524080017,"position":{"x":2.7139992543983302,"z":6.687479913408589}},"rotation":[-2.202100378147907e-12,0.9588316782093402,7.54980049436389e-12,0.2839750215463681],"support":27},{"fraction":0.27662997099079445,"grounded":true,"height":0.1492831825269657,"pose":{"heading":5.28825943508012,"position":{"x":2.713999494122829,"z":6.687479488025534}},"rotation":[-2.286796546453775e-12,0.9588322587942532,7.840177436165325e-12,0.283973061214458],"support":27},{"fraction":0.2766336892311383,"grounded":true,"height":0.14946837044776856,"pose":{"heading":5.288258412830146,"position":{"x":2.713999554053954,"z":6.68747938167977}},"rotation":[-2.3079705885287633e-12,0.9588324039398552,7.912771671610613e-12,0.28397257113129487],"support":27},{"fraction":0.2766355483513102,"grounded":true,"height":0.1495609645043984,"pose":{"heading":5.288257901705158,"position":{"x":2.7139995840195166,"z":6.687479328506888}},"rotation":[-2.3185576095660336e-12,0.9588324765125623,7.94906878933248e-12,0.2839723260896852],"support":27},{"fraction":0.2766364779113961,"grounded":true,"height":0.1496072615127299,"pose":{"heading":5.2882576461426645,"position":{"x":2.713999599002298,"z":6.6874793019204475}},"rotation":[-2.323851120084612e-12,0.9588325127988925,7.967217348193222e-12,0.28397220356887354],"support":27},{"fraction":0.2766369426914391,"grounded":true,"height":0.14963041009006806,"pose":{"heading":5.2882575183614176,"position":{"x":2.7139996064936884,"z":6.687479288627227}},"rotation":[-2.3264978753438864e-12,0.9588325309420517,7.976291627623543e-12,0.2839721423084659],"support":27}],"queries":78,"sampleA":{"Ok":{"normal":[-0.6393534111656681,0.0006540856009873752,0.7689127309408076],"point":[2.7158580807664543,0.14998379735602563,6.686836944819073],"root":[2.7139996064936884,0.14963041009006806,6.687479288627227],"rotation":[-2.326497875343886e-12,0.9588325309420517,7.976291627623544e-12,0.2839721423084659],"surfaceId":27}},"sampleB":{"Ok":{"normal":[-0.6392080146539865,0.021335406410473514,0.7687378710818202],"point":[2.7158580975426116,0.1500000059604646,6.686836944980442],"root":[2.7139996139850786,0.1496468313983538,6.687479275334006],"rotation":[-2.3291446306031488e-12,0.9588325490852068,7.985365907053831e-12,0.28397208104805755],"surfaceId":27}},"start":{"fraction":0.2762284010336625,"grounded":true,"height":0.12928286992247487,"pose":{"heading":5.288369838077343,"position":{"x":2.7139930215613575,"z":6.687490973368026}},"rotation":[0.0,0.9588165815948374,0.0,0.28402598975937127],"support":27}}
ENTRY {"desired":{"heading":5.225575491531906,"position":{"x":2.7256588747519683,"z":6.666790309504627}},"dt":0.1,"radius":0.002632,"state":{"height":0.14999999999999958,"mode":"landing","outcome":null,"pose":{"heading":5.304068424713702,"position":{"x":2.709540733051919,"z":6.6953914094828}},"reserve":15.760000000000085,"rotation":[0.0,0.9565576643169392,0.0,0.2915431954900029],"support":null}}

thread 'body::motion_consumer::descending_shoe_rim_contact_keeps_a_verified_prefix' (32231732) panicked at crates/sim/src/body/motion_consumer.rs:528:73:
called `Result::unwrap()` on an `Err` value: "numerical motion unresolved: refinement budget"
note: run with `RUST_BACKTRACE=1` environment variable to display a backtrace
test body::motion_consumer::descending_shoe_rim_contact_keeps_a_verified_prefix ... FAILED

failures:

failures:
    body::motion_consumer::descending_shoe_rim_contact_keeps_a_verified_prefix

test result: FAILED. 0 passed; 1 failed; 0 ignored; 0 measured; 22 filtered out; finished in 0.02s

error: test failed, to rerun pass `-p sim --lib`
